188313152	https://www.fotocasa.es/es/comprar/vivienda/vallirana/calefaccion-parking-jardin-terraza-piscina-internet-no-amueblado/188313152/d	Page.goto: Timeout 60000ms exceeded.
Call log:
  - navigating to "https://www.fotocasa.es/es/comprar/vivienda/vallirana/calefaccion-parking-jardin-terraza-piscina-internet-no-amueblado/188313152/d", waiting until "load"

188441679	https://www.fotocasa.es/es/comprar/vivienda/vallirana/calefaccion-parking-jardin-terraza-internet-no-amueblado/188441679/d	Page.goto: Timeout 60000ms exceeded.
Call log:
  - navigating to "https://www.fotocasa.es/es/comprar/vivienda/vallirana/calefaccion-parking-jardin-terraza-internet-no-amueblado/188441679/d", waiting until "load"

187837819	https://www.fotocasa.es/es/comprar/vivienda/vallirana/aire-acondicionado-calefaccion-parking-terraza-internet-no-amueblado/187837819/d	Page.goto: Timeout 60000ms exceeded.
Call log:
  - navigating to "https://www.fotocasa.es/es/comprar/vivienda/vallirana/aire-acondicionado-calefaccion-parking-terraza-internet-no-amueblado/187837819/d", waiting until "load"

188413926	https://www.fotocasa.es/es/comprar/vivienda/vallirana/calefaccion-parking-jardin-terraza-trastero-piscina-internet-no-amueblado/188413926/d	Page.goto: Timeout 60000ms exceeded.
Call log:
  - navigating to "https://www.fotocasa.es/es/comprar/vivienda/vallirana/calefaccion-parking-jardin-terraza-trastero-piscina-internet-no-amueblado/188413926/d", waiting until "load"

188534864	https://www.fotocasa.es/es/comprar/vivienda/barcelona-capital/aire-acondicionado-ascensor/188534864/d	Page.goto: Timeout 60000ms exceeded.
Call log:
  - navigating to "https://www.fotocasa.es/es/comprar/vivienda/barcelona-capital/aire-acondicionado-ascensor/188534864/d", waiting until "load"

188269927	https://www.fotocasa.es/es/comprar/vivienda/sevilla-capital/aire-acondicionado-trastero-ascensor/188269927/d	Page.goto: Timeout 60000ms exceeded.
Call log:
  - navigating to "https://www.fotocasa.es/es/comprar/vivienda/sevilla-capital/aire-acondicionado-trastero-ascensor/188269927/d", waiting until "load"

188372776	https://www.fotocasa.es/es/comprar/vivienda/vallirana/calefaccion-parking-jardin-terraza-trastero-zona-comunitaria-patio-television-internet-no-amueblado/188372776/d	Page.goto: Timeout 60000ms exceeded.
Call log:
  - navigating to "https://www.fotocasa.es/es/comprar/vivienda/vallirana/calefaccion-parking-jardin-terraza-trastero-zona-comunitaria-patio-television-internet-no-amueblado/188372776/d", waiting until "load"

188366198	https://www.fotocasa.es/es/comprar/vivienda/vallirana/calefaccion-parking-jardin-terraza-internet-no-amueblado/188366198/d	Page.goto: Timeout 60000ms exceeded.
Call log:
  - navigating to "https://www.fotocasa.es/es/comprar/vivienda/vallirana/calefaccion-parking-jardin-terraza-internet-no-amueblado/188366198/d", waiting until "load"

188363261	https://www.fotocasa.es/es/comprar/vivienda/corbera-de-llobregat/aire-acondicionado-calefaccion-parking-jardin-terraza-piscina/188363261/d	Page.goto: Timeout 60000ms exceeded.
Call log:
  - navigating to "https://www.fotocasa.es/es/comprar/vivienda/corbera-de-llobregat/aire-acondicionado-calefaccion-parking-jardin-terraza-piscina/188363261/d", waiting until "load"

188372910	https://www.fotocasa.es/es/comprar/vivienda/vallirana/calefaccion-parking-jardin-terraza-trastero-zona-comunitaria-patio-piscina-television-internet-no-amueblado/188372910/d	Page.goto: Timeout 60000ms exceeded.
Call log:
  - navigating to "https://www.fotocasa.es/es/comprar/vivienda/vallirana/calefaccion-parking-jardin-terraza-trastero-zona-comunitaria-patio-piscina-television-internet-no-amueblado/188372910/d", waiting until "load"

188004360	https://www.fotocasa.es/es/comprar/vivienda/cervello/calefaccion-parking-jardin-terraza-internet-no-amueblado/188004360/d	Page.goto: Timeout 60000ms exceeded.
Call log:
  - navigating to "https://www.fotocasa.es/es/comprar/vivienda/cervello/calefaccion-parking-jardin-terraza-internet-no-amueblado/188004360/d", waiting until "load"

187983539	https://www.fotocasa.es/es/comprar/vivienda/corbera-de-llobregat/aire-acondicionado-calefaccion-parking-jardin-terraza-piscina/187983539/d	Page.goto: Timeout 60000ms exceeded.
Call log:
  - navigating to "https://www.fotocasa.es/es/comprar/vivienda/corbera-de-llobregat/aire-acondicionado-calefaccion-parking-jardin-terraza-piscina/187983539/d", waiting until "load"

188226532	https://www.fotocasa.es/es/comprar/vivienda/vallirana/calefaccion-parking-jardin-terraza-piscina-internet-no-amueblado/188226532/d	Page.goto: Timeout 60000ms exceeded.
Call log:
  - navigating to "https://www.fotocasa.es/es/comprar/vivienda/vallirana/calefaccion-parking-jardin-terraza-piscina-internet-no-amueblado/188226532/d", waiting until "load"

188442781	https://www.fotocasa.es/es/comprar/vivienda/vallirana/aire-acondicionado-calefaccion-parking-jardin-terraza-trastero-patio-television-internet-no-amueblado/188442781/d	Page.goto: Timeout 60000ms exceeded.
Call log:
  - navigating to "https://www.fotocasa.es/es/comprar/vivienda/vallirana/aire-acondicionado-calefaccion-parking-jardin-terraza-trastero-patio-television-internet-no-amueblado/188442781/d", waiting until "load"

188443215	https://www.fotocasa.es/es/comprar/vivienda/cervello/aire-acondicionado-calefaccion-parking-jardin-terraza-trastero-patio-television-internet-no-amueblado/188443215/d	Page.goto: Timeout 60000ms exceeded.
Call log:
  - navigating to "https://www.fotocasa.es/es/comprar/vivienda/cervello/aire-acondicionado-calefaccion-parking-jardin-terraza-trastero-patio-television-internet-no-amueblado/188443215/d", waiting until "load"

188443032	https://www.fotocasa.es/es/comprar/vivienda/vallirana/calefaccion-parking-jardin-terraza-trastero-patio-piscina-television-no-amueblado/188443032/d	Page.goto: Timeout 60000ms exceeded.
Call log:
  - navigating to "https://www.fotocasa.es/es/comprar/vivienda/vallirana/calefaccion-parking-jardin-terraza-trastero-patio-piscina-television-no-amueblado/188443032/d", waiting until "load"

184473143	https://www.fotocasa.es/es/comprar/vivienda/vallirana/calefaccion-parking-jardin-terraza-piscina-television-internet-no-amueblado/184473143/d	Page.goto: Timeout 60000ms exceeded.
Call log:
  - navigating to "https://www.fotocasa.es/es/comprar/vivienda/vallirana/calefaccion-parking-jardin-terraza-piscina-television-internet-no-amueblado/184473143/d", waiting until "load"

186199466	https://www.fotocasa.es/es/comprar/vivienda/cervello/calefaccion-parking-jardin-terraza-internet-no-amueblado/186199466/d	Page.goto: Timeout 60000ms exceeded.
Call log:
  - navigating to "https://www.fotocasa.es/es/comprar/vivienda/cervello/calefaccion-parking-jardin-terraza-internet-no-amueblado/186199466/d", waiting until "load"

187269181	https://www.fotocasa.es/es/comprar/vivienda/corbera-de-llobregat/calefaccion-jardin-terraza-piscina/187269181/d	Page.goto: Timeout 60000ms exceeded.
Call log:
  - navigating to "https://www.fotocasa.es/es/comprar/vivienda/corbera-de-llobregat/calefaccion-jardin-terraza-piscina/187269181/d", waiting until "load"

188449149	https://www.fotocasa.es/es/comprar/vivienda/vallirana/parking-jardin-terraza-trastero-patio-television-no-amueblado/188449149/d	Page.goto: Timeout 60000ms exceeded.
Call log:
  - navigating to "https://www.fotocasa.es/es/comprar/vivienda/vallirana/parking-jardin-terraza-trastero-patio-television-no-amueblado/188449149/d", waiting until "load"

186496235	https://www.fotocasa.es/es/comprar/vivienda/corbera-de-llobregat/parking-jardin-terraza-piscina/186496235/d	Page.goto: net::ERR_CONNECTION_RESET at https://www.fotocasa.es/es/comprar/vivienda/corbera-de-llobregat/parking-jardin-terraza-piscina/186496235/d
Call log:
  - navigating to "https://www.fotocasa.es/es/comprar/vivienda/corbera-de-llobregat/parking-jardin-terraza-piscina/186496235/d", waiting until "load"

187994261	https://www.fotocasa.es/es/comprar/vivienda/barcelona-capital/aire-acondicionado-calefaccion-ascensor/187994261/d	Page.goto: net::ERR_CONNECTION_RESET at https://www.fotocasa.es/es/comprar/vivienda/barcelona-capital/aire-acondicionado-calefaccion-ascensor/187994261/d
Call log:
  - navigating to "https://www.fotocasa.es/es/comprar/vivienda/barcelona-capital/aire-acondicionado-calefaccion-ascensor/187994261/d", waiting until "load"

188469636	https://www.fotocasa.es/es/comprar/vivienda/barcelona-capital/aire-acondicionado-calefaccion-terraza-trastero-ascensor/188469636/d	Page.goto: Timeout 60000ms exceeded.
Call log:
  - navigating to "https://www.fotocasa.es/es/comprar/vivienda/barcelona-capital/aire-acondicionado-calefaccion-terraza-trastero-ascensor/188469636/d", waiting until "load"

188145409	https://www.fotocasa.es/es/comprar/vivienda/vallirana/aire-acondicionado-calefaccion-jardin-terraza-trastero-patio/188145409/d	Page.goto: Timeout 60000ms exceeded.
Call log:
  - navigating to "https://www.fotocasa.es/es/comprar/vivienda/vallirana/aire-acondicionado-calefaccion-jardin-terraza-trastero-patio/188145409/d", waiting until "load"

187621983	https://www.fotocasa.es/es/comprar/vivienda/cervello/calefaccion-parking-jardin-terraza-trastero-patio/187621983/d	Page.goto: Timeout 60000ms exceeded.
Call log:
  - navigating to "https://www.fotocasa.es/es/comprar/vivienda/cervello/calefaccion-parking-jardin-terraza-trastero-patio/187621983/d", waiting until "load"

186998245	https://www.fotocasa.es/es/comprar/vivienda/barcelona-capital/aire-acondicionado-calefaccion-ascensor-no-amueblado/186998245/d	Page.goto: Timeout 60000ms exceeded.
Call log:
  - navigating to "https://www.fotocasa.es/es/comprar/vivienda/barcelona-capital/aire-acondicionado-calefaccion-ascensor-no-amueblado/186998245/d", waiting until "load"

187980529	https://www.fotocasa.es/es/comprar/vivienda/barcelona-capital/aire-acondicionado-calefaccion-terraza-ascensor-patio-no-amueblado/187980529/d	Page.goto: Timeout 60000ms exceeded.
Call log:
  - navigating to "https://www.fotocasa.es/es/comprar/vivienda/barcelona-capital/aire-acondicionado-calefaccion-terraza-ascensor-patio-no-amueblado/187980529/d", waiting until "load"

187121254	https://www.fotocasa.es/es/comprar/vivienda/barcelona-capital/aire-acondicionado-calefaccion-terraza-ascensor-piscina/187121254/d	Page.goto: Timeout 60000ms exceeded.
Call log:
  - navigating to "https://www.fotocasa.es/es/comprar/vivienda/barcelona-capital/aire-acondicionado-calefaccion-terraza-ascensor-piscina/187121254/d", waiting until "load"

187621834	https://www.fotocasa.es/es/comprar/vivienda/cervello/calefaccion-parking-jardin-terraza-trastero-patio-piscina/187621834/d	Page.goto: Timeout 60000ms exceeded.
Call log:
  - navigating to "https://www.fotocasa.es/es/comprar/vivienda/cervello/calefaccion-parking-jardin-terraza-trastero-patio-piscina/187621834/d", waiting until "load"

186968618	https://www.fotocasa.es/es/comprar/vivienda/barcelona-capital/ascensor-amueblado/186968618/d	Page.goto: net::ERR_CONNECTION_RESET at https://www.fotocasa.es/es/comprar/vivienda/barcelona-capital/ascensor-amueblado/186968618/d
Call log:
  - navigating to "https://www.fotocasa.es/es/comprar/vivienda/barcelona-capital/ascensor-amueblado/186968618/d", waiting until "load"

187717192	https://www.fotocasa.es/es/comprar/vivienda/vallirana/terraza-trastero/187717192/d	Page.goto: net::ERR_CONNECTION_RESET at https://www.fotocasa.es/es/comprar/vivienda/vallirana/terraza-trastero/187717192/d
Call log:
  - navigating to "https://www.fotocasa.es/es/comprar/vivienda/vallirana/terraza-trastero/187717192/d", waiting until "load"

187046324	https://www.fotocasa.es/es/comprar/vivienda/abrera/aire-acondicionado-calefaccion-parking-terraza-patio-internet-no-amueblado/187046324/d	Page.goto: net::ERR_CONNECTION_RESET at https://www.fotocasa.es/es/comprar/vivienda/abrera/aire-acondicionado-calefaccion-parking-terraza-patio-internet-no-amueblado/187046324/d
Call log:
  - navigating to "https://www.fotocasa.es/es/comprar/vivienda/abrera/aire-acondicionado-calefaccion-parking-terraza-patio-internet-no-amueblado/187046324/d", waiting until "load"

187837819	https://www.fotocasa.es/es/comprar/vivienda/vallirana/aire-acondicionado-calefaccion-parking-terraza-internet-no-amueblado/187837819/d	FAILED after 3 attempts
188363261	https://www.fotocasa.es/es/comprar/vivienda/corbera-de-llobregat/aire-acondicionado-calefaccion-parking-jardin-terraza-piscina/188363261/d	FAILED after 3 attempts
188226532	https://www.fotocasa.es/es/comprar/vivienda/vallirana/calefaccion-parking-jardin-terraza-piscina-internet-no-amueblado/188226532/d	FAILED after 3 attempts
