Property 20554437 (https://www.fotocasa.es/es/comprar/obra-nueva/alovera/20554437): HTTP Error 405: 
Property 20563916 (https://www.fotocasa.es/es/comprar/obra-nueva/calonge-i-sant-antoni/20563916): HTTP Error 405: 
Property 20562086 (https://www.fotocasa.es/es/comprar/obra-nueva/fuenlabrada/20562086): HTTP Error 405: 
Property 20564652 (https://www.fotocasa.es/es/comprar/obra-nueva/rubi/20564652): HTTP Error 405: 
Property 20528373 (https://www.fotocasa.es/es/comprar/obra-nueva/begues/20528373): Failed to perform, curl: (56) Recv failure: Connection was reset. See https://curl.se/libcurl/c/libcurl-errors.html first for more details.
Property 20541166 (https://www.fotocasa.es/es/comprar/obra-nueva/sitges/20541166): HTTP Error 405: 
Property 20525140 (https://www.fotocasa.es/es/comprar/obra-nueva/sagunto-sagunt/20525140): HTTP Error 405: 
Property 20525105 (https://www.fotocasa.es/es/comprar/obra-nueva/granada-capital/20525105): HTTP Error 405: 
Property 20525087 (https://www.fotocasa.es/es/comprar/obra-nueva/arico/20525087): HTTP Error 405: 
Property 20529247 (https://www.fotocasa.es/es/comprar/obra-nueva/eivissa/20529247): Failed to perform, curl: (56) Recv failure: Connection was reset. See https://curl.se/libcurl/c/libcurl-errors.html first for more details.
Property 20567479 (https://www.fotocasa.es/es/comprar/obra-nueva/azuqueca-de-henares/20567479): HTTP Error 405: 
Property 20516328 (https://www.fotocasa.es/es/comprar/obra-nueva/alovera/20516328): HTTP Error 405: 
Property 20516327 (https://www.fotocasa.es/es/comprar/obra-nueva/alovera/20516327): HTTP Error 405: 
Property 20567478 (https://www.fotocasa.es/es/comprar/obra-nueva/alovera/20567478): HTTP Error 405: 
Property 20516323 (https://www.fotocasa.es/es/comprar/obra-nueva/alovera/20516323): HTTP Error 405: 
Property 20553693 (https://www.fotocasa.es/es/comprar/obra-nueva/bilbao/20553693): HTTP Error 405: 
Property 20516321 (https://www.fotocasa.es/es/comprar/obra-nueva/mungia/20516321): HTTP Error 405: 
Property 20631987 (https://www.fotocasa.es/es/comprar/obra-nueva/cordoba-capital/20631987): HTTP Error 405: 
Property 20516300 (https://www.fotocasa.es/es/comprar/obra-nueva/estepona/20516300): HTTP Error 405: 
Property 20516296 (https://www.fotocasa.es/es/comprar/obra-nueva/rubi/20516296): HTTP Error 405: 
Property 20516299 (https://www.fotocasa.es/es/comprar/obra-nueva/estepona/20516299): HTTP Error 405: 
Property 20516295 (https://www.fotocasa.es/es/comprar/obra-nueva/rubi/20516295): HTTP Error 405: 
Property 20516294 (https://www.fotocasa.es/es/comprar/obra-nueva/madrid-capital/20516294): HTTP Error 405: 
Property 20516293 (https://www.fotocasa.es/es/comprar/obra-nueva/las-rozas-de-madrid/20516293): HTTP Error 405: 
Property 20516291 (https://www.fotocasa.es/es/comprar/obra-nueva/guadalajara-capital/20516291): HTTP Error 405: 
Property 20560282 (https://www.fotocasa.es/es/comprar/obra-nueva/paterna/20560282): HTTP Error 405: 
