2026-01-21 00:48:30,550 - INFO - Found 9 failed pages to retry: [1, 3, 9, 10, 11, 12, 32, 35, 36]
2026-01-21 00:48:30,551 - INFO - Retrying page 1: https://www.fotocasa.es/es/promociones-obra-nueva/comprar/viviendas/espana/todas-las-zonas/l
2026-01-21 00:48:40,231 - INFO - [SUCCESS] Page 1: 30 properties found
2026-01-21 00:48:42,497 - INFO - Retrying page 3: https://www.fotocasa.es/es/promociones-obra-nueva/comprar/viviendas/espana/todas-las-zonas/l/3
2026-01-21 00:48:48,617 - INFO - [SUCCESS] Page 3: 30 properties found
2026-01-21 00:48:50,624 - INFO - Retrying page 9: https://www.fotocasa.es/es/promociones-obra-nueva/comprar/viviendas/espana/todas-las-zonas/l/9
2026-01-21 00:48:52,157 - INFO - [SUCCESS] Page 9: 30 properties found
2026-01-21 00:48:54,161 - INFO - Retrying page 10: https://www.fotocasa.es/es/promociones-obra-nueva/comprar/viviendas/espana/todas-las-zonas/l/10
2026-01-21 00:48:56,251 - INFO - [SUCCESS] Page 10: 30 properties found
2026-01-21 00:48:58,254 - INFO - Retrying page 11: https://www.fotocasa.es/es/promociones-obra-nueva/comprar/viviendas/espana/todas-las-zonas/l/11
2026-01-21 00:49:17,748 - ERROR - [ERROR] Page 11: Failed to perform, curl: (56) Recv failure: Connection was reset. See https://curl.se/libcurl/c/libcurl-errors.html first for more details.
2026-01-21 00:49:19,962 - INFO - Retrying page 12: https://www.fotocasa.es/es/promociones-obra-nueva/comprar/viviendas/espana/todas-las-zonas/l/12
2026-01-21 00:49:25,743 - INFO - [SUCCESS] Page 12: 30 properties found
2026-01-21 00:49:27,775 - INFO - Retrying page 32: https://www.fotocasa.es/es/promociones-obra-nueva/comprar/viviendas/espana/todas-las-zonas/l/32
2026-01-21 00:49:29,998 - INFO - [SUCCESS] Page 32: 30 properties found
2026-01-21 00:49:32,008 - INFO - Retrying page 35: https://www.fotocasa.es/es/promociones-obra-nueva/comprar/viviendas/espana/todas-las-zonas/l/35
2026-01-21 00:49:36,356 - INFO - [SUCCESS] Page 35: 30 properties found
2026-01-21 00:49:38,360 - INFO - Retrying page 36: https://www.fotocasa.es/es/promociones-obra-nueva/comprar/viviendas/espana/todas-las-zonas/l/36
2026-01-21 00:49:39,862 - INFO - [SUCCESS] Page 36: 30 properties found
2026-01-21 00:49:41,867 - INFO - 
============================================================
2026-01-21 00:49:41,867 - INFO - Retry completed: 8 successful, 1 failed
2026-01-21 00:49:41,867 - INFO - ============================================================

2026-01-21 00:49:41,868 - INFO - Merging retry results with all_properties.json...
2026-01-21 00:49:41,874 - INFO - Loaded 1020 existing properties
2026-01-21 00:49:42,072 - INFO - Merged: 1020 existing + 0 new = 1020 total
2026-01-21 00:49:42,073 - INFO - Skipped 0 duplicates
2026-01-21 00:49:42,075 - INFO - Updated property_links.txt with all property URLs
2026-01-21 00:49:42,077 - INFO - Merge complete!
