2026-01-21 00:43:52,772 - MainThread - INFO - Starting scraper for 43 pages with 30 threads
2026-01-21 00:43:52,781 - ThreadPoolExecutor-0_0 - INFO - Scraping page 1: https://www.fotocasa.es/es/promociones-obra-nueva/comprar/viviendas/espana/todas-las-zonas/l
2026-01-21 00:43:52,782 - ThreadPoolExecutor-0_1 - INFO - Scraping page 2: https://www.fotocasa.es/es/promociones-obra-nueva/comprar/viviendas/espana/todas-las-zonas/l/2
2026-01-21 00:43:52,783 - ThreadPoolExecutor-0_2 - INFO - Scraping page 3: https://www.fotocasa.es/es/promociones-obra-nueva/comprar/viviendas/espana/todas-las-zonas/l/3
2026-01-21 00:43:52,785 - ThreadPoolExecutor-0_3 - INFO - Scraping page 4: https://www.fotocasa.es/es/promociones-obra-nueva/comprar/viviendas/espana/todas-las-zonas/l/4
2026-01-21 00:43:52,786 - ThreadPoolExecutor-0_4 - INFO - Scraping page 5: https://www.fotocasa.es/es/promociones-obra-nueva/comprar/viviendas/espana/todas-las-zonas/l/5
2026-01-21 00:43:52,791 - ThreadPoolExecutor-0_5 - INFO - Scraping page 6: https://www.fotocasa.es/es/promociones-obra-nueva/comprar/viviendas/espana/todas-las-zonas/l/6
2026-01-21 00:43:52,796 - ThreadPoolExecutor-0_6 - INFO - Scraping page 7: https://www.fotocasa.es/es/promociones-obra-nueva/comprar/viviendas/espana/todas-las-zonas/l/7
2026-01-21 00:43:52,799 - ThreadPoolExecutor-0_7 - INFO - Scraping page 8: https://www.fotocasa.es/es/promociones-obra-nueva/comprar/viviendas/espana/todas-las-zonas/l/8
2026-01-21 00:43:52,824 - ThreadPoolExecutor-0_8 - INFO - Scraping page 9: https://www.fotocasa.es/es/promociones-obra-nueva/comprar/viviendas/espana/todas-las-zonas/l/9
2026-01-21 00:43:52,834 - ThreadPoolExecutor-0_9 - INFO - Scraping page 10: https://www.fotocasa.es/es/promociones-obra-nueva/comprar/viviendas/espana/todas-las-zonas/l/10
2026-01-21 00:43:52,842 - ThreadPoolExecutor-0_10 - INFO - Scraping page 11: https://www.fotocasa.es/es/promociones-obra-nueva/comprar/viviendas/espana/todas-las-zonas/l/11
2026-01-21 00:43:52,845 - ThreadPoolExecutor-0_11 - INFO - Scraping page 12: https://www.fotocasa.es/es/promociones-obra-nueva/comprar/viviendas/espana/todas-las-zonas/l/12
2026-01-21 00:43:52,846 - ThreadPoolExecutor-0_12 - INFO - Scraping page 13: https://www.fotocasa.es/es/promociones-obra-nueva/comprar/viviendas/espana/todas-las-zonas/l/13
2026-01-21 00:43:52,847 - ThreadPoolExecutor-0_13 - INFO - Scraping page 14: https://www.fotocasa.es/es/promociones-obra-nueva/comprar/viviendas/espana/todas-las-zonas/l/14
2026-01-21 00:43:52,851 - ThreadPoolExecutor-0_14 - INFO - Scraping page 15: https://www.fotocasa.es/es/promociones-obra-nueva/comprar/viviendas/espana/todas-las-zonas/l/15
2026-01-21 00:43:52,860 - ThreadPoolExecutor-0_15 - INFO - Scraping page 16: https://www.fotocasa.es/es/promociones-obra-nueva/comprar/viviendas/espana/todas-las-zonas/l/16
2026-01-21 00:43:52,862 - ThreadPoolExecutor-0_16 - INFO - Scraping page 17: https://www.fotocasa.es/es/promociones-obra-nueva/comprar/viviendas/espana/todas-las-zonas/l/17
2026-01-21 00:43:52,870 - ThreadPoolExecutor-0_17 - INFO - Scraping page 18: https://www.fotocasa.es/es/promociones-obra-nueva/comprar/viviendas/espana/todas-las-zonas/l/18
2026-01-21 00:43:52,877 - ThreadPoolExecutor-0_18 - INFO - Scraping page 19: https://www.fotocasa.es/es/promociones-obra-nueva/comprar/viviendas/espana/todas-las-zonas/l/19
2026-01-21 00:43:52,881 - ThreadPoolExecutor-0_19 - INFO - Scraping page 20: https://www.fotocasa.es/es/promociones-obra-nueva/comprar/viviendas/espana/todas-las-zonas/l/20
2026-01-21 00:43:52,883 - ThreadPoolExecutor-0_20 - INFO - Scraping page 21: https://www.fotocasa.es/es/promociones-obra-nueva/comprar/viviendas/espana/todas-las-zonas/l/21
2026-01-21 00:43:52,888 - ThreadPoolExecutor-0_21 - INFO - Scraping page 22: https://www.fotocasa.es/es/promociones-obra-nueva/comprar/viviendas/espana/todas-las-zonas/l/22
2026-01-21 00:43:52,896 - ThreadPoolExecutor-0_22 - INFO - Scraping page 23: https://www.fotocasa.es/es/promociones-obra-nueva/comprar/viviendas/espana/todas-las-zonas/l/23
2026-01-21 00:43:52,902 - ThreadPoolExecutor-0_23 - INFO - Scraping page 24: https://www.fotocasa.es/es/promociones-obra-nueva/comprar/viviendas/espana/todas-las-zonas/l/24
2026-01-21 00:43:52,913 - ThreadPoolExecutor-0_24 - INFO - Scraping page 25: https://www.fotocasa.es/es/promociones-obra-nueva/comprar/viviendas/espana/todas-las-zonas/l/25
2026-01-21 00:43:52,918 - ThreadPoolExecutor-0_25 - INFO - Scraping page 26: https://www.fotocasa.es/es/promociones-obra-nueva/comprar/viviendas/espana/todas-las-zonas/l/26
2026-01-21 00:43:52,929 - ThreadPoolExecutor-0_26 - INFO - Scraping page 27: https://www.fotocasa.es/es/promociones-obra-nueva/comprar/viviendas/espana/todas-las-zonas/l/27
2026-01-21 00:43:52,935 - ThreadPoolExecutor-0_27 - INFO - Scraping page 28: https://www.fotocasa.es/es/promociones-obra-nueva/comprar/viviendas/espana/todas-las-zonas/l/28
2026-01-21 00:43:52,936 - ThreadPoolExecutor-0_28 - INFO - Scraping page 29: https://www.fotocasa.es/es/promociones-obra-nueva/comprar/viviendas/espana/todas-las-zonas/l/29
2026-01-21 00:43:52,938 - ThreadPoolExecutor-0_29 - INFO - Scraping page 30: https://www.fotocasa.es/es/promociones-obra-nueva/comprar/viviendas/espana/todas-las-zonas/l/30
2026-01-21 00:43:58,308 - ThreadPoolExecutor-0_21 - INFO - Page 22 completed: 30 properties found
2026-01-21 00:43:58,389 - ThreadPoolExecutor-0_25 - INFO - Page 26 completed: 30 properties found
2026-01-21 00:43:58,390 - ThreadPoolExecutor-0_26 - INFO - Page 27 completed: 30 properties found
2026-01-21 00:43:58,429 - ThreadPoolExecutor-0_28 - INFO - Page 29 completed: 30 properties found
2026-01-21 00:43:58,454 - ThreadPoolExecutor-0_21 - INFO - Scraping page 31: https://www.fotocasa.es/es/promociones-obra-nueva/comprar/viviendas/espana/todas-las-zonas/l/31
2026-01-21 00:43:58,455 - MainThread - INFO - [SUCCESS] Page 22: 30 properties
2026-01-21 00:43:58,519 - ThreadPoolExecutor-0_12 - INFO - Page 13 completed: 30 properties found
2026-01-21 00:43:58,519 - ThreadPoolExecutor-0_18 - INFO - Page 19 completed: 30 properties found
2026-01-21 00:43:58,520 - ThreadPoolExecutor-0_23 - INFO - Page 24 completed: 30 properties found
2026-01-21 00:43:58,556 - ThreadPoolExecutor-0_4 - INFO - Page 5 completed: 30 properties found
2026-01-21 00:43:58,556 - ThreadPoolExecutor-0_19 - INFO - Page 20 completed: 30 properties found
2026-01-21 00:43:58,559 - ThreadPoolExecutor-0_14 - INFO - Page 15 completed: 30 properties found
2026-01-21 00:43:58,561 - ThreadPoolExecutor-0_25 - INFO - Scraping page 32: https://www.fotocasa.es/es/promociones-obra-nueva/comprar/viviendas/espana/todas-las-zonas/l/32
2026-01-21 00:43:58,580 - ThreadPoolExecutor-0_1 - INFO - Page 2 completed: 30 properties found
2026-01-21 00:43:58,600 - ThreadPoolExecutor-0_27 - INFO - Page 28 completed: 30 properties found
2026-01-21 00:43:58,602 - ThreadPoolExecutor-0_13 - INFO - Page 14 completed: 30 properties found
2026-01-21 00:43:58,756 - ThreadPoolExecutor-0_26 - INFO - Scraping page 33: https://www.fotocasa.es/es/promociones-obra-nueva/comprar/viviendas/espana/todas-las-zonas/l/33
2026-01-21 00:43:58,772 - ThreadPoolExecutor-0_5 - INFO - Page 6 completed: 30 properties found
2026-01-21 00:43:58,773 - ThreadPoolExecutor-0_7 - INFO - Page 8 completed: 30 properties found
2026-01-21 00:43:58,788 - MainThread - INFO - [SUCCESS] Page 26: 30 properties
2026-01-21 00:43:58,789 - ThreadPoolExecutor-0_28 - INFO - Scraping page 34: https://www.fotocasa.es/es/promociones-obra-nueva/comprar/viviendas/espana/todas-las-zonas/l/34
2026-01-21 00:43:58,789 - ThreadPoolExecutor-0_16 - INFO - Page 17 completed: 30 properties found
2026-01-21 00:43:58,802 - ThreadPoolExecutor-0_6 - INFO - Page 7 completed: 30 properties found
2026-01-21 00:43:58,819 - ThreadPoolExecutor-0_24 - INFO - Page 25 completed: 30 properties found
2026-01-21 00:43:58,840 - ThreadPoolExecutor-0_12 - INFO - Scraping page 35: https://www.fotocasa.es/es/promociones-obra-nueva/comprar/viviendas/espana/todas-las-zonas/l/35
2026-01-21 00:43:58,860 - ThreadPoolExecutor-0_23 - INFO - Scraping page 36: https://www.fotocasa.es/es/promociones-obra-nueva/comprar/viviendas/espana/todas-las-zonas/l/36
2026-01-21 00:43:58,863 - ThreadPoolExecutor-0_18 - INFO - Scraping page 37: https://www.fotocasa.es/es/promociones-obra-nueva/comprar/viviendas/espana/todas-las-zonas/l/37
2026-01-21 00:43:58,864 - ThreadPoolExecutor-0_15 - INFO - Page 16 completed: 30 properties found
2026-01-21 00:43:58,872 - ThreadPoolExecutor-0_22 - INFO - Page 23 completed: 30 properties found
2026-01-21 00:43:58,872 - ThreadPoolExecutor-0_4 - INFO - Scraping page 38: https://www.fotocasa.es/es/promociones-obra-nueva/comprar/viviendas/espana/todas-las-zonas/l/38
2026-01-21 00:43:58,873 - ThreadPoolExecutor-0_19 - INFO - Scraping page 39: https://www.fotocasa.es/es/promociones-obra-nueva/comprar/viviendas/espana/todas-las-zonas/l/39
2026-01-21 00:43:58,879 - ThreadPoolExecutor-0_14 - INFO - Scraping page 40: https://www.fotocasa.es/es/promociones-obra-nueva/comprar/viviendas/espana/todas-las-zonas/l/40
2026-01-21 00:43:58,886 - ThreadPoolExecutor-0_1 - INFO - Scraping page 41: https://www.fotocasa.es/es/promociones-obra-nueva/comprar/viviendas/espana/todas-las-zonas/l/41
2026-01-21 00:43:58,887 - ThreadPoolExecutor-0_27 - INFO - Scraping page 42: https://www.fotocasa.es/es/promociones-obra-nueva/comprar/viviendas/espana/todas-las-zonas/l/42
2026-01-21 00:43:58,890 - ThreadPoolExecutor-0_13 - INFO - Scraping page 43: https://www.fotocasa.es/es/promociones-obra-nueva/comprar/viviendas/espana/todas-las-zonas/l/43
2026-01-21 00:43:58,900 - MainThread - INFO - [SUCCESS] Page 27: 30 properties
2026-01-21 00:43:59,244 - ThreadPoolExecutor-0_17 - INFO - Page 18 completed: 30 properties found
2026-01-21 00:43:59,985 - ThreadPoolExecutor-0_3 - INFO - Page 4 completed: 30 properties found
2026-01-21 00:44:00,004 - ThreadPoolExecutor-0_20 - INFO - Page 21 completed: 30 properties found
2026-01-21 00:44:00,085 - MainThread - INFO - [SUCCESS] Page 29: 30 properties
2026-01-21 00:44:00,085 - MainThread - INFO - [SUCCESS] Page 13: 30 properties
2026-01-21 00:44:00,086 - MainThread - INFO - [SUCCESS] Page 24: 30 properties
2026-01-21 00:44:00,086 - ThreadPoolExecutor-0_29 - INFO - Page 30 completed: 30 properties found
2026-01-21 00:44:00,093 - MainThread - INFO - [SUCCESS] Page 19: 30 properties
2026-01-21 00:44:00,095 - MainThread - INFO - [SUCCESS] Page 5: 30 properties
2026-01-21 00:44:00,096 - MainThread - INFO - [SUCCESS] Page 20: 30 properties
2026-01-21 00:44:00,096 - MainThread - INFO - [SUCCESS] Page 15: 30 properties
2026-01-21 00:44:00,097 - MainThread - INFO - [SUCCESS] Page 2: 30 properties
2026-01-21 00:44:00,099 - MainThread - INFO - [SUCCESS] Page 28: 30 properties
2026-01-21 00:44:00,099 - MainThread - INFO - [SUCCESS] Page 14: 30 properties
2026-01-21 00:44:00,099 - MainThread - INFO - [SUCCESS] Page 6: 30 properties
2026-01-21 00:44:00,100 - MainThread - INFO - [SUCCESS] Page 8: 30 properties
2026-01-21 00:44:00,101 - MainThread - INFO - [SUCCESS] Page 17: 30 properties
2026-01-21 00:44:00,101 - MainThread - INFO - [SUCCESS] Page 25: 30 properties
2026-01-21 00:44:00,102 - MainThread - INFO - [SUCCESS] Page 7: 30 properties
2026-01-21 00:44:00,102 - MainThread - INFO - [SUCCESS] Page 16: 30 properties
2026-01-21 00:44:00,102 - MainThread - INFO - [SUCCESS] Page 23: 30 properties
2026-01-21 00:44:00,103 - MainThread - INFO - [SUCCESS] Page 21: 30 properties
2026-01-21 00:44:00,103 - MainThread - INFO - [SUCCESS] Page 18: 30 properties
2026-01-21 00:44:00,103 - MainThread - INFO - [SUCCESS] Page 4: 30 properties
2026-01-21 00:44:00,104 - MainThread - INFO - [SUCCESS] Page 30: 30 properties
2026-01-21 00:44:00,899 - ThreadPoolExecutor-0_21 - INFO - Page 31 completed: 30 properties found
2026-01-21 00:44:00,903 - MainThread - INFO - [SUCCESS] Page 31: 30 properties
2026-01-21 00:44:01,042 - ThreadPoolExecutor-0_18 - INFO - Page 37 completed: 30 properties found
2026-01-21 00:44:01,046 - MainThread - INFO - [SUCCESS] Page 37: 30 properties
2026-01-21 00:44:01,243 - ThreadPoolExecutor-0_26 - INFO - Page 33 completed: 30 properties found
2026-01-21 00:44:01,247 - MainThread - INFO - [SUCCESS] Page 33: 30 properties
2026-01-21 00:44:01,497 - ThreadPoolExecutor-0_4 - INFO - Page 38 completed: 30 properties found
2026-01-21 00:44:01,501 - MainThread - INFO - [SUCCESS] Page 38: 30 properties
2026-01-21 00:44:01,733 - ThreadPoolExecutor-0_14 - INFO - Page 40 completed: 30 properties found
2026-01-21 00:44:01,737 - MainThread - INFO - [SUCCESS] Page 40: 30 properties
2026-01-21 00:44:02,000 - ThreadPoolExecutor-0_28 - INFO - Page 34 completed: 30 properties found
2026-01-21 00:44:02,003 - MainThread - INFO - [SUCCESS] Page 34: 30 properties
2026-01-21 00:44:02,305 - ThreadPoolExecutor-0_19 - INFO - Page 39 completed: 30 properties found
2026-01-21 00:44:02,310 - MainThread - INFO - [SUCCESS] Page 39: 30 properties
2026-01-21 00:44:02,421 - ThreadPoolExecutor-0_1 - INFO - Page 41 completed: 30 properties found
2026-01-21 00:44:02,503 - MainThread - INFO - [SUCCESS] Page 41: 30 properties
2026-01-21 00:44:02,541 - ThreadPoolExecutor-0_27 - INFO - Page 42 completed: 30 properties found
2026-01-21 00:44:02,545 - MainThread - INFO - [SUCCESS] Page 42: 30 properties
2026-01-21 00:44:04,058 - ThreadPoolExecutor-0_13 - INFO - Page 43 completed: 30 properties found
2026-01-21 00:44:04,062 - MainThread - INFO - [SUCCESS] Page 43: 30 properties
2026-01-21 00:44:12,196 - ThreadPoolExecutor-0_9 - ERROR - Page 10 failed: Failed to perform, curl: (56) Recv failure: Connection was reset. See https://curl.se/libcurl/c/libcurl-errors.html first for more details.
2026-01-21 00:44:12,196 - ThreadPoolExecutor-0_11 - ERROR - Page 12 failed: Failed to perform, curl: (56) Recv failure: Connection was reset. See https://curl.se/libcurl/c/libcurl-errors.html first for more details.
2026-01-21 00:44:12,197 - MainThread - ERROR - [FAILED] Page 10: Failed to perform, curl: (56) Recv failure: Connection was reset. See https://curl.se/libcurl/c/libcurl-errors.html first for more details.
2026-01-21 00:44:12,198 - MainThread - ERROR - [FAILED] Page 12: Failed to perform, curl: (56) Recv failure: Connection was reset. See https://curl.se/libcurl/c/libcurl-errors.html first for more details.
2026-01-21 00:44:14,595 - ThreadPoolExecutor-0_8 - ERROR - Page 9 failed: Failed to perform, curl: (56) Recv failure: Connection was reset. See https://curl.se/libcurl/c/libcurl-errors.html first for more details.
2026-01-21 00:44:14,597 - MainThread - ERROR - [FAILED] Page 9: Failed to perform, curl: (56) Recv failure: Connection was reset. See https://curl.se/libcurl/c/libcurl-errors.html first for more details.
2026-01-21 00:44:14,626 - ThreadPoolExecutor-0_0 - ERROR - Page 1 failed: Failed to perform, curl: (56) Recv failure: Connection was reset. See https://curl.se/libcurl/c/libcurl-errors.html first for more details.
2026-01-21 00:44:14,627 - ThreadPoolExecutor-0_10 - ERROR - Page 11 failed: Failed to perform, curl: (56) Recv failure: Connection was reset. See https://curl.se/libcurl/c/libcurl-errors.html first for more details.
2026-01-21 00:44:14,627 - ThreadPoolExecutor-0_2 - ERROR - Page 3 failed: Failed to perform, curl: (56) Recv failure: Connection was reset. See https://curl.se/libcurl/c/libcurl-errors.html first for more details.
2026-01-21 00:44:14,628 - MainThread - ERROR - [FAILED] Page 1: Failed to perform, curl: (56) Recv failure: Connection was reset. See https://curl.se/libcurl/c/libcurl-errors.html first for more details.
2026-01-21 00:44:14,629 - MainThread - ERROR - [FAILED] Page 3: Failed to perform, curl: (56) Recv failure: Connection was reset. See https://curl.se/libcurl/c/libcurl-errors.html first for more details.
2026-01-21 00:44:14,630 - MainThread - ERROR - [FAILED] Page 11: Failed to perform, curl: (56) Recv failure: Connection was reset. See https://curl.se/libcurl/c/libcurl-errors.html first for more details.
2026-01-21 00:44:18,251 - ThreadPoolExecutor-0_25 - ERROR - Page 32 failed: Failed to perform, curl: (56) Recv failure: Connection was reset. See https://curl.se/libcurl/c/libcurl-errors.html first for more details.
2026-01-21 00:44:18,251 - MainThread - ERROR - [FAILED] Page 32: Failed to perform, curl: (56) Recv failure: Connection was reset. See https://curl.se/libcurl/c/libcurl-errors.html first for more details.
2026-01-21 00:44:18,622 - ThreadPoolExecutor-0_12 - ERROR - Page 35 failed: Failed to perform, curl: (56) Recv failure: Connection was reset. See https://curl.se/libcurl/c/libcurl-errors.html first for more details.
2026-01-21 00:44:18,622 - MainThread - ERROR - [FAILED] Page 35: Failed to perform, curl: (56) Recv failure: Connection was reset. See https://curl.se/libcurl/c/libcurl-errors.html first for more details.
2026-01-21 00:44:18,699 - ThreadPoolExecutor-0_23 - ERROR - Page 36 failed: Failed to perform, curl: (56) Recv failure: Connection was reset. See https://curl.se/libcurl/c/libcurl-errors.html first for more details.
2026-01-21 00:44:18,699 - MainThread - ERROR - [FAILED] Page 36: Failed to perform, curl: (56) Recv failure: Connection was reset. See https://curl.se/libcurl/c/libcurl-errors.html first for more details.
2026-01-21 00:44:18,702 - MainThread - INFO - 
============================================================
2026-01-21 00:44:18,703 - MainThread - INFO - Scraping completed in 25.93 seconds
2026-01-21 00:44:18,703 - MainThread - INFO - Successful pages: 34/43
2026-01-21 00:44:18,704 - MainThread - INFO - Failed pages: 9/43
2026-01-21 00:44:18,704 - MainThread - INFO - ============================================================

2026-01-21 00:44:18,704 - MainThread - INFO - Merging results...
2026-01-21 00:44:19,409 - MainThread - INFO - Merged 1020 properties into all_properties.json
2026-01-21 00:44:19,412 - MainThread - INFO - Created property_links.txt with all property URLs
2026-01-21 00:44:19,412 - MainThread - INFO - Done!
